mysql> SELECT AlbumId, ROUND(SUM(UnitPrice), 2) FROM Track
    -> GROUP BY AlbunmId;
ERROR 1054 (42S22): Unknown column 'AlbunmId' in 'group statement'
mysql> SELECT AlbumId, ROUND(SUM(UnitPrice), 2) FROM Track
    -> GROUP BY AlbumId;
+---------+--------------------------+
| AlbumId | ROUND(SUM(UnitPrice), 2) |
+---------+--------------------------+
|       1 |                     9.90 |
|       2 |                     0.99 |
|       3 |                     2.97 |
|       4 |                     7.92 |
|       5 |                    14.85 |
|       6 |                    12.87 |
|       7 |                    11.88 |
|       8 |                    13.86 |
|       9 |                     7.92 |
|      10 |                    13.86 |
|      11 |                    11.88 |
|      12 |                    11.88 |
|      13 |                     7.92 |
|      14 |                    12.87 |
|      15 |                     4.95 |
|      16 |                     6.93 |
|      17 |                     9.90 |
|      18 |                    16.83 |
|      19 |                    10.89 |
|      20 |                    10.89 |
|      21 |                    17.82 |
|      22 |                     2.97 |
|      23 |                    33.66 |
|      24 |                    22.77 |
|      25 |                    12.87 |
|      26 |                    16.83 |
|      27 |                    13.86 |
|      28 |                     9.90 |
|      29 |                    13.86 |
|      30 |                    13.86 |
|      31 |                     8.91 |
|      32 |                    13.86 |
|      33 |                    16.83 |
|      34 |                    16.83 |
|      35 |                    10.89 |
|      36 |                    16.83 |
|      37 |                    19.80 |
|      38 |                    11.88 |
|      39 |                    20.79 |
|      40 |                    11.88 |
|      41 |                    13.86 |
|      42 |                    13.86 |
|      43 |                     6.93 |
|      44 |                     5.94 |
|      45 |                    13.86 |
|      46 |                    12.87 |
|      47 |                    13.86 |
|      48 |                    12.87 |
|      49 |                     9.90 |
|      50 |                     3.96 |
|      51 |                    21.78 |
|      52 |                    14.85 |
|      53 |                    13.86 |
|      54 |                    19.80 |
|      55 |                    19.80 |
|      56 |                    14.85 |
|      57 |                    14.85 |
|      58 |                     8.91 |
|      59 |                     6.93 |
|      60 |                     6.93 |
|      61 |                    10.89 |
|      62 |                     6.93 |
|      63 |                    11.88 |
|      64 |                     8.91 |
|      65 |                     8.91 |
|      66 |                     9.90 |
|      67 |                    15.84 |
|      68 |                     8.91 |
|      69 |                    12.87 |
|      70 |                    12.87 |
|      71 |                    13.86 |
|      72 |                    17.82 |
|      73 |                    29.70 |
|      74 |                    11.88 |
|      75 |                    13.86 |
|      76 |                    14.85 |
|      77 |                    10.89 |
|      78 |                    13.86 |
|      79 |                     9.90 |
|      80 |                     9.90 |
|      81 |                    10.89 |
|      82 |                    12.87 |
|      83 |                    23.76 |
|      84 |                    15.84 |
|      85 |                    13.86 |
|      86 |                    14.85 |
|      87 |                     2.97 |
|      88 |                    11.88 |
|      89 |                    12.87 |
|      90 |                    11.88 |
|      91 |                    15.84 |
|      92 |                    13.86 |
|      93 |                    12.87 |
|      94 |                    10.89 |
|      95 |                    11.88 |
|      96 |                    10.89 |
|      97 |                     9.90 |
|      98 |                    10.89 |
|      99 |                    11.88 |
|     100 |                     8.91 |
|     101 |                     9.90 |
|     102 |                    17.82 |
|     103 |                     9.90 |
|     104 |                     9.90 |
|     105 |                     9.90 |
|     106 |                     8.91 |
|     107 |                     7.92 |
|     108 |                     9.90 |
|     109 |                     8.91 |
|     110 |                     7.92 |
|     111 |                     7.92 |
|     112 |                     7.92 |
|     113 |                    10.89 |
|     114 |                     7.92 |
|     115 |                    19.80 |
|     116 |                     9.90 |
|     117 |                    10.89 |
|     118 |                    10.89 |
|     119 |                    12.87 |
|     120 |                    16.83 |
|     121 |                     9.90 |
|     122 |                    13.86 |
|     123 |                    11.88 |
|     124 |                    13.86 |
|     125 |                    15.84 |
|     126 |                    14.85 |
|     127 |                     9.90 |
|     128 |                     7.92 |
|     129 |                     7.92 |
|     130 |                     6.93 |
|     131 |                     7.92 |
|     132 |                     8.91 |
|     133 |                     8.91 |
|     134 |                     9.90 |
|     135 |                     8.91 |
|     136 |                     6.93 |
|     137 |                     4.95 |
|     138 |                     3.96 |
|     139 |                    14.85 |
|     140 |                    15.84 |
|     141 |                    56.43 |
|     142 |                    13.86 |
|     143 |                    13.86 |
|     144 |                     9.90 |
|     145 |                    17.82 |
|     146 |                    17.82 |
|     147 |                     9.90 |
|     148 |                    11.88 |
|     149 |                    15.84 |
|     150 |                     9.90 |
|     151 |                    13.86 |
|     152 |                     7.92 |
|     153 |                    12.87 |
|     154 |                     7.92 |
|     155 |                    10.89 |
|     156 |                     8.91 |
|     157 |                    13.86 |
|     158 |                    12.87 |
|     159 |                    12.87 |
|     160 |                    14.85 |
|     161 |                    11.88 |
|     162 |                    16.83 |
|     163 |                    16.83 |
|     164 |                    11.88 |
|     165 |                    14.85 |
|     166 |                    13.86 |
|     167 |                    20.79 |
|     168 |                    11.88 |
|     169 |                    15.84 |
|     170 |                     0.99 |
|     171 |                     1.98 |
|     172 |                     0.99 |
|     173 |                     1.98 |
|     174 |                    13.86 |
|     175 |                    11.88 |
|     176 |                    13.86 |
|     177 |                     9.90 |
|     178 |                    15.84 |
|     179 |                    12.87 |
|     180 |                    14.85 |
|     181 |                    10.89 |
|     182 |                    11.88 |
|     183 |                     8.91 |
|     184 |                    15.84 |
|     185 |                    16.83 |
|     186 |                    10.89 |
|     187 |                    10.89 |
|     188 |                    10.89 |
|     189 |                    13.86 |
|     190 |                    15.84 |
|     191 |                     9.90 |
|     192 |                    13.86 |
|     193 |                    16.83 |
|     194 |                    15.84 |
|     195 |                    14.85 |
|     196 |                    13.86 |
|     197 |                     7.92 |
|     198 |                     5.94 |
|     199 |                    11.88 |
|     200 |                    10.89 |
|     201 |                    15.84 |
|     202 |                    17.82 |
|     203 |                    16.83 |
|     204 |                     8.91 |
|     205 |                     9.90 |
|     206 |                    11.88 |
|     207 |                    10.89 |
|     208 |                     6.93 |
|     209 |                     9.90 |
|     210 |                     8.91 |
|     211 |                    17.82 |
|     212 |                    11.88 |
|     213 |                    17.82 |
|     214 |                    10.89 |
|     215 |                    13.86 |
|     216 |                    11.88 |
|     217 |                    13.86 |
|     218 |                    14.85 |
|     219 |                    14.85 |
|     220 |                    10.89 |
|     221 |                    19.80 |
|     222 |                    14.85 |
|     223 |                    14.85 |
|     224 |                    21.78 |
|     225 |                    15.84 |
|     226 |                     1.99 |
|     227 |                    37.81 |
|     228 |                    45.77 |
|     229 |                    51.74 |
|     230 |                    49.75 |
|     231 |                    47.76 |
|     232 |                    11.88 |
|     233 |                    10.89 |
|     234 |                    14.85 |
|     235 |                    10.89 |
|     236 |                    11.88 |
|     237 |                    16.83 |
|     238 |                    13.86 |
|     239 |                     9.90 |
|     240 |                     9.90 |
|     241 |                    13.86 |
|     242 |                    11.88 |
|     243 |                    16.83 |
|     244 |                    10.89 |
|     245 |                    11.88 |
|     246 |                    12.87 |
|     247 |                    14.85 |
|     248 |                    18.81 |
|     249 |                    11.94 |
|     250 |                    43.78 |
|     251 |                    49.75 |
|     252 |                     0.99 |
|     253 |                    47.76 |
|     254 |                     1.99 |
|     255 |                    22.77 |
|     256 |                    11.88 |
|     257 |                    11.88 |
|     258 |                    18.81 |
|     259 |                    16.83 |
|     260 |                     0.99 |
|     261 |                    33.83 |
|     262 |                     1.98 |
|     263 |                     1.98 |
|     264 |                     1.98 |
|     265 |                     1.98 |
|     266 |                     0.99 |
|     267 |                     0.99 |
|     268 |                     0.99 |
|     269 |                     9.90 |
|     270 |                    13.86 |
|     271 |                    13.86 |
|     272 |                     0.99 |
|     273 |                     0.99 |
|     274 |                     0.99 |
|     275 |                     0.99 |
|     276 |                     0.99 |
|     277 |                     0.99 |
|     278 |                     0.99 |
|     279 |                     0.99 |
|     280 |                     1.98 |
|     281 |                     0.99 |
|     282 |                     0.99 |
|     283 |                     0.99 |
|     284 |                     0.99 |
|     285 |                     0.99 |
|     286 |                     0.99 |
|     287 |                     0.99 |
|     288 |                     0.99 |
|     289 |                     0.99 |
|     290 |                     0.99 |
|     291 |                     0.99 |
|     292 |                     0.99 |
|     293 |                     0.99 |
|     294 |                     0.99 |
|     295 |                     0.99 |
|     296 |                     0.99 |
|     297 |                     0.99 |
|     298 |                     0.99 |
|     299 |                     0.99 |
|     300 |                     0.99 |
|     301 |                     0.99 |
|     302 |                     0.99 |
|     303 |                     0.99 |
|     304 |                     0.99 |
|     305 |                     0.99 |
|     306 |                     0.99 |
|     307 |                     0.99 |
|     308 |                     0.99 |
|     309 |                     0.99 |
|     310 |                     0.99 |
|     311 |                     0.99 |
|     312 |                     0.99 |
|     313 |                     0.99 |
|     314 |                     1.98 |
|     315 |                     0.99 |
|     316 |                     0.99 |
|     317 |                     0.99 |
|     318 |                     0.99 |
|     319 |                     0.99 |
|     320 |                     0.99 |
|     321 |                    11.88 |
|     322 |                    10.89 |
|     323 |                     0.99 |
|     324 |                     0.99 |
|     325 |                     0.99 |
|     326 |                     0.99 |
|     327 |                     0.99 |
|     328 |                     0.99 |
|     329 |                     0.99 |
|     330 |                     0.99 |
|     331 |                     0.99 |
|     332 |                     0.99 |
|     333 |                     0.99 |
|     334 |                     0.99 |
|     335 |                     0.99 |
|     336 |                     0.99 |
|     337 |                     0.99 |
|     338 |                     0.99 |
|     339 |                     0.99 |
|     340 |                     0.99 |
|     341 |                     0.99 |
|     342 |                     0.99 |
|     343 |                     0.99 |
|     344 |                     0.99 |
|     345 |                     0.99 |
|     346 |                     0.99 |
|     347 |                     0.99 |
+---------+--------------------------+
347 rows in set (0.01 sec)

mysql> SELECT Album.Title, ROUND(SUM(UnitPrice), 2) FROM Track
    -> INNER JOIN Albim ON Track.AlbumId=Album.AlbumId
    -> GROUP BY AlbumId;
ERROR 1146 (42S02): Table 'Chinook.Albim' doesn't exist
mysql> SELECT Album.Title, ROUND(SUM(UnitPrice), 2) FROM Track
    -> INNER JOIN Album ON Track.AlbumId=Album.AlbumId
    -> GROUP BY AlbumId;
ERROR 1052 (23000): Column 'AlbumId' in group statement is ambiguous
mysql> SELECT Album.Title, ROUND(SUM(UnitPrice), 2) FROM Track
    -> INNER JOIN Album ON Track.AlbumId=Album.AlbumId   
    -> GROUP BY Track.AlbumId;
+-------------------------------------------------------------------------------------------------+--------------------------+
| Title                                                                                           | ROUND(SUM(UnitPrice), 2) |
+-------------------------------------------------------------------------------------------------+--------------------------+
| For Those About To Rock We Salute You                                                           |                     9.90 |
| Balls to the Wall                                                                               |                     0.99 |
| Restless and Wild                                                                               |                     2.97 |
| Let There Be Rock                                                                               |                     7.92 |
| Big Ones                                                                                        |                    14.85 |
| Jagged Little Pill                                                                              |                    12.87 |
| Facelift                                                                                        |                    11.88 |
| Warner 25 Anos                                                                                  |                    13.86 |
| Plays Metallica By Four Cellos                                                                  |                     7.92 |
| Audioslave                                                                                      |                    13.86 |
| Out Of Exile                                                                                    |                    11.88 |
| BackBeat Soundtrack                                                                             |                    11.88 |
| The Best Of Billy Cobham                                                                        |                     7.92 |
| Alcohol Fueled Brewtality Live! [Disc 1]                                                        |                    12.87 |
| Alcohol Fueled Brewtality Live! [Disc 2]                                                        |                     4.95 |
| Black Sabbath                                                                                   |                     6.93 |
| Black Sabbath Vol. 4 (Remaster)                                                                 |                     9.90 |
| Body Count                                                                                      |                    16.83 |
| Chemical Wedding                                                                                |                    10.89 |
| The Best Of Buddy Guy - The Millenium Collection                                                |                    10.89 |
| Prenda Minha                                                                                    |                    17.82 |
| Sozinho Remix Ao Vivo                                                                           |                     2.97 |
| Minha Historia                                                                                  |                    33.66 |
| Afrociberdelia                                                                                  |                    22.77 |
| Da Lama Ao Caos                                                                                 |                    12.87 |
| Acústico MTV [Live]                                                                             |                    16.83 |
| Cidade Negra - Hits                                                                             |                    13.86 |
| Na Pista                                                                                        |                     9.90 |
| Axé Bahia 2001                                                                                  |                    13.86 |
| BBC Sessions [Disc 1] [Live]                                                                    |                    13.86 |
| Bongo Fury                                                                                      |                     8.91 |
| Carnaval 2001                                                                                   |                    13.86 |
| Chill: Brazil (Disc 1)                                                                          |                    16.83 |
| Chill: Brazil (Disc 2)                                                                          |                    16.83 |
| Garage Inc. (Disc 1)                                                                            |                    10.89 |
| Greatest Hits II                                                                                |                    16.83 |
| Greatest Kiss                                                                                   |                    19.80 |
| Heart of the Night                                                                              |                    11.88 |
| International Superhits                                                                         |                    20.79 |
| Into The Light                                                                                  |                    11.88 |
| Meus Momentos                                                                                   |                    13.86 |
| Minha História                                                                                  |                    13.86 |
| MK III The Final Concerts [Disc 1]                                                              |                     6.93 |
| Physical Graffiti [Disc 1]                                                                      |                     5.94 |
| Sambas De Enredo 2001                                                                           |                    13.86 |
| Supernatural                                                                                    |                    12.87 |
| The Best of Ed Motta                                                                            |                    13.86 |
| The Essential Miles Davis [Disc 1]                                                              |                    12.87 |
| The Essential Miles Davis [Disc 2]                                                              |                     9.90 |
| The Final Concerts (Disc 2)                                                                     |                     3.96 |
| Up An' Atom                                                                                     |                    21.78 |
| Vinícius De Moraes - Sem Limite                                                                 |                    14.85 |
| Vozes do MPB                                                                                    |                    13.86 |
| Chronicle, Vol. 1                                                                               |                    19.80 |
| Chronicle, Vol. 2                                                                               |                    19.80 |
| Cássia Eller - Coleção Sem Limite [Disc 2]                                                      |                    14.85 |
| Cássia Eller - Sem Limite [Disc 1]                                                              |                    14.85 |
| Come Taste The Band                                                                             |                     8.91 |
| Deep Purple In Rock                                                                             |                     6.93 |
| Fireball                                                                                        |                     6.93 |
| Knocking at Your Back Door: The Best Of Deep Purple in the 80's                                 |                    10.89 |
| Machine Head                                                                                    |                     6.93 |
| Purpendicular                                                                                   |                    11.88 |
| Slaves And Masters                                                                              |                     8.91 |
| Stormbringer                                                                                    |                     8.91 |
| The Battle Rages On                                                                             |                     9.90 |
| Vault: Def Leppard's Greatest Hits                                                              |                    15.84 |
| Outbreak                                                                                        |                     8.91 |
| Djavan Ao Vivo - Vol. 02                                                                        |                    12.87 |
| Djavan Ao Vivo - Vol. 1                                                                         |                    12.87 |
| Elis Regina-Minha História                                                                      |                    13.86 |
| The Cream Of Clapton                                                                            |                    17.82 |
| Unplugged                                                                                       |                    29.70 |
| Album Of The Year                                                                               |                    11.88 |
| Angel Dust                                                                                      |                    13.86 |
| King For A Day Fool For A Lifetime                                                              |                    14.85 |
| The Real Thing                                                                                  |                    10.89 |
| Deixa Entrar                                                                                    |                    13.86 |
| In Your Honor [Disc 1]                                                                          |                     9.90 |
| In Your Honor [Disc 2]                                                                          |                     9.90 |
| One By One                                                                                      |                    10.89 |
| The Colour And The Shape                                                                        |                    12.87 |
| My Way: The Best Of Frank Sinatra [Disc 1]                                                      |                    23.76 |
| Roda De Funk                                                                                    |                    15.84 |
| As Canções de Eu Tu Eles                                                                        |                    13.86 |
| Quanta Gente Veio Ver (Live)                                                                    |                    14.85 |
| Quanta Gente Veio ver--Bônus De Carnaval                                                        |                     2.97 |
| Faceless                                                                                        |                    11.88 |
| American Idiot                                                                                  |                    12.87 |
| Appetite for Destruction                                                                        |                    11.88 |
| Use Your Illusion I                                                                             |                    15.84 |
| Use Your Illusion II                                                                            |                    13.86 |
| Blue Moods                                                                                      |                    12.87 |
| A Matter of Life and Death                                                                      |                    10.89 |
| A Real Dead One                                                                                 |                    11.88 |
| A Real Live One                                                                                 |                    10.89 |
| Brave New World                                                                                 |                     9.90 |
| Dance Of Death                                                                                  |                    10.89 |
| Fear Of The Dark                                                                                |                    11.88 |
| Iron Maiden                                                                                     |                     8.91 |
| Killers                                                                                         |                     9.90 |
| Live After Death                                                                                |                    17.82 |
| Live At Donington 1992 (Disc 1)                                                                 |                     9.90 |
| Live At Donington 1992 (Disc 2)                                                                 |                     9.90 |
| No Prayer For The Dying                                                                         |                     9.90 |
| Piece Of Mind                                                                                   |                     8.91 |
| Powerslave                                                                                      |                     7.92 |
| Rock In Rio [CD1]                                                                               |                     9.90 |
| Rock In Rio [CD2]                                                                               |                     8.91 |
| Seventh Son of a Seventh Son                                                                    |                     7.92 |
| Somewhere in Time                                                                               |                     7.92 |
| The Number of The Beast                                                                         |                     7.92 |
| The X Factor                                                                                    |                    10.89 |
| Virtual XI                                                                                      |                     7.92 |
| Sex Machine                                                                                     |                    19.80 |
| Emergency On Planet Earth                                                                       |                     9.90 |
| Synkronized                                                                                     |                    10.89 |
| The Return Of The Space Cowboy                                                                  |                    10.89 |
| Get Born                                                                                        |                    12.87 |
| Are You Experienced?                                                                            |                    16.83 |
| Surfing with the Alien (Remastered)                                                             |                     9.90 |
| Jorge Ben Jor 25 Anos                                                                           |                    13.86 |
| Jota Quest-1995                                                                                 |                    11.88 |
| Cafezinho                                                                                       |                    13.86 |
| Living After Midnight                                                                           |                    15.84 |
| Unplugged [Live]                                                                                |                    14.85 |
| BBC Sessions [Disc 2] [Live]                                                                    |                     9.90 |
| Coda                                                                                            |                     7.92 |
| Houses Of The Holy                                                                              |                     7.92 |
| In Through The Out Door                                                                         |                     6.93 |
| IV                                                                                              |                     7.92 |
| Led Zeppelin I                                                                                  |                     8.91 |
| Led Zeppelin II                                                                                 |                     8.91 |
| Led Zeppelin III                                                                                |                     9.90 |
| Physical Graffiti [Disc 2]                                                                      |                     8.91 |
| Presence                                                                                        |                     6.93 |
| The Song Remains The Same (Disc 1)                                                              |                     4.95 |
| The Song Remains The Same (Disc 2)                                                              |                     3.96 |
| A TempestadeTempestade Ou O Livro Dos Dias                                                      |                    14.85 |
| Mais Do Mesmo                                                                                   |                    15.84 |
| Greatest Hits                                                                                   |                    56.43 |
| Lulu Santos - RCA 100 Anos De Música - Álbum 01                                                 |                    13.86 |
| Lulu Santos - RCA 100 Anos De Música - Álbum 02                                                 |                    13.86 |
| Misplaced Childhood                                                                             |                     9.90 |
| Barulhinho Bom                                                                                  |                    17.82 |
| Seek And Shall Find: More Of The Best (1963-1981)                                               |                    17.82 |
| The Best Of Men At Work                                                                         |                     9.90 |
| Black Album                                                                                     |                    11.88 |
| Garage Inc. (Disc 2)                                                                            |                    15.84 |
| Kill 'Em All                                                                                    |                     9.90 |
| Load                                                                                            |                    13.86 |
| Master Of Puppets                                                                               |                     7.92 |
| ReLoad                                                                                          |                    12.87 |
| Ride The Lightning                                                                              |                     7.92 |
| St. Anger                                                                                       |                    10.89 |
| ...And Justice For All                                                                          |                     8.91 |
| Miles Ahead                                                                                     |                    13.86 |
| Milton Nascimento Ao Vivo                                                                       |                    12.87 |
| Minas                                                                                           |                    12.87 |
| Ace Of Spades                                                                                   |                    14.85 |
| Demorou...                                                                                      |                    11.88 |
| Motley Crue Greatest Hits                                                                       |                    16.83 |
| From The Muddy Banks Of The Wishkah [Live]                                                      |                    16.83 |
| Nevermind                                                                                       |                    11.88 |
| Compositores                                                                                    |                    14.85 |
| Olodum                                                                                          |                    13.86 |
| Acústico MTV                                                                                    |                    20.79 |
| Arquivo II                                                                                      |                    11.88 |
| Arquivo Os Paralamas Do Sucesso                                                                 |                    15.84 |
| Bark at the Moon (Remastered)                                                                   |                     0.99 |
| Blizzard of Ozz                                                                                 |                     1.98 |
| Diary of a Madman (Remastered)                                                                  |                     0.99 |
| No More Tears (Remastered)                                                                      |                     1.98 |
| Tribute                                                                                         |                    13.86 |
| Walking Into Clarksdale                                                                         |                    11.88 |
| Original Soundtracks 1                                                                          |                    13.86 |
| The Beast Live                                                                                  |                     9.90 |
| Live On Two Legs [Live]                                                                         |                    15.84 |
| Pearl Jam                                                                                       |                    12.87 |
| Riot Act                                                                                        |                    14.85 |
| Ten                                                                                             |                    10.89 |
| Vs.                                                                                             |                    11.88 |
| Dark Side Of The Moon                                                                           |                     8.91 |
| Os Cães Ladram Mas A Caravana Não Pára                                                          |                    15.84 |
| Greatest Hits I                                                                                 |                    16.83 |
| News Of The World                                                                               |                    10.89 |
| Out Of Time                                                                                     |                    10.89 |
| Green                                                                                           |                    10.89 |
| New Adventures In Hi-Fi                                                                         |                    13.86 |
| The Best Of R.E.M.: The IRS Years                                                               |                    15.84 |
| Cesta Básica                                                                                    |                     9.90 |
| Raul Seixas                                                                                     |                    13.86 |
| Blood Sugar Sex Magik                                                                           |                    16.83 |
| By The Way                                                                                      |                    15.84 |
| Californication                                                                                 |                    14.85 |
| Retrospective I (1974-1980)                                                                     |                    13.86 |
| Santana - As Years Go By                                                                        |                     7.92 |
| Santana Live                                                                                    |                     5.94 |
| Maquinarama                                                                                     |                    11.88 |
| O Samba Poconé                                                                                  |                    10.89 |
| Judas 0: B-Sides and Rarities                                                                   |                    15.84 |
| Rotten Apples: Greatest Hits                                                                    |                    17.82 |
| A-Sides                                                                                         |                    16.83 |
| Morning Dance                                                                                   |                     8.91 |
| In Step                                                                                         |                     9.90 |
| Core                                                                                            |                    11.88 |
| Mezmerize                                                                                       |                    10.89 |
| [1997] Black Light Syndrome                                                                     |                     6.93 |
| Live [Disc 1]                                                                                   |                     9.90 |
| Live [Disc 2]                                                                                   |                     8.91 |
| The Singles                                                                                     |                    17.82 |
| Beyond Good And Evil                                                                            |                    11.88 |
| Pure Cult: The Best Of The Cult (For Rockers, Ravers, Lovers & Sinners) [UK]                    |                    17.82 |
| The Doors                                                                                       |                    10.89 |
| The Police Greatest Hits                                                                        |                    13.86 |
| Hot Rocks, 1964-1971 (Disc 1)                                                                   |                    11.88 |
| No Security                                                                                     |                    13.86 |
| Voodoo Lounge                                                                                   |                    14.85 |
| Tangents                                                                                        |                    14.85 |
| Transmission                                                                                    |                    10.89 |
| My Generation - The Very Best Of The Who                                                        |                    19.80 |
| Serie Sem Limite (Disc 1)                                                                       |                    14.85 |
| Serie Sem Limite (Disc 2)                                                                       |                    14.85 |
| Acústico                                                                                        |                    21.78 |
| Volume Dois                                                                                     |                    15.84 |
| Battlestar Galactica: The Story So Far                                                          |                     1.99 |
| Battlestar Galactica, Season 3                                                                  |                    37.81 |
| Heroes, Season 1                                                                                |                    45.77 |
| Lost, Season 3                                                                                  |                    51.74 |
| Lost, Season 1                                                                                  |                    49.75 |
| Lost, Season 2                                                                                  |                    47.76 |
| Achtung Baby                                                                                    |                    11.88 |
| All That You Can't Leave Behind                                                                 |                    10.89 |
| B-Sides 1980-1990                                                                               |                    14.85 |
| How To Dismantle An Atomic Bomb                                                                 |                    10.89 |
| Pop                                                                                             |                    11.88 |
| Rattle And Hum                                                                                  |                    16.83 |
| The Best Of 1980-1990                                                                           |                    13.86 |
| War                                                                                             |                     9.90 |
| Zooropa                                                                                         |                     9.90 |
| UB40 The Best Of - Volume Two [UK]                                                              |                    13.86 |
| Diver Down                                                                                      |                    11.88 |
| The Best Of Van Halen, Vol. I                                                                   |                    16.83 |
| Van Halen                                                                                       |                    10.89 |
| Van Halen III                                                                                   |                    11.88 |
| Contraband                                                                                      |                    12.87 |
| Vinicius De Moraes                                                                              |                    14.85 |
| Ao Vivo [IMPORT]                                                                                |                    18.81 |
| The Office, Season 1                                                                            |                    11.94 |
| The Office, Season 2                                                                            |                    43.78 |
| The Office, Season 3                                                                            |                    49.75 |
| Un-Led-Ed                                                                                       |                     0.99 |
| Battlestar Galactica (Classic), Season 1                                                        |                    47.76 |
| Aquaman                                                                                         |                     1.99 |
| Instant Karma: The Amnesty International Campaign to Save Darfur                                |                    22.77 |
| Speak of the Devil                                                                              |                    11.88 |
| 20th Century Masters - The Millennium Collection: The Best of Scorpions                         |                    11.88 |
| House of Pain                                                                                   |                    18.81 |
| Radio Brasil (O Som da Jovem Vanguarda) - Seleccao de Henrique Amaro                            |                    16.83 |
| Cake: B-Sides and Rarities                                                                      |                     0.99 |
| LOST, Season 4                                                                                  |                    33.83 |
| Quiet Songs                                                                                     |                     1.98 |
| Muso Ko                                                                                         |                     1.98 |
| Realize                                                                                         |                     1.98 |
| Every Kind of Light                                                                             |                     1.98 |
| Duos II                                                                                         |                     0.99 |
| Worlds                                                                                          |                     0.99 |
| The Best of Beethoven                                                                           |                     0.99 |
| Temple of the Dog                                                                               |                     9.90 |
| Carry On                                                                                        |                    13.86 |
| Revelations                                                                                     |                    13.86 |
| Adorate Deum: Gregorian Chant from the Proper of the Mass                                       |                     0.99 |
| Allegri: Miserere                                                                               |                     0.99 |
| Pachelbel: Canon & Gigue                                                                        |                     0.99 |
| Vivaldi: The Four Seasons                                                                       |                     0.99 |
| Bach: Violin Concertos                                                                          |                     0.99 |
| Bach: Goldberg Variations                                                                       |                     0.99 |
| Bach: The Cello Suites                                                                          |                     0.99 |
| Handel: The Messiah (Highlights)                                                                |                     0.99 |
| The World of Classical Favourites                                                               |                     1.98 |
| Sir Neville Marriner: A Celebration                                                             |                     0.99 |
| Mozart: Wind Concertos                                                                          |                     0.99 |
| Haydn: Symphonies 99 - 104                                                                      |                     0.99 |
| Beethoven: Symhonies Nos. 5 & 6                                                                 |                     0.99 |
| A Soprano Inspired                                                                              |                     0.99 |
| Great Opera Choruses                                                                            |                     0.99 |
| Wagner: Favourite Overtures                                                                     |                     0.99 |
| Fauré: Requiem, Ravel: Pavane & Others                                                          |                     0.99 |
| Tchaikovsky: The Nutcracker                                                                     |                     0.99 |
| The Last Night of the Proms                                                                     |                     0.99 |
| Puccini: Madama Butterfly - Highlights                                                          |                     0.99 |
| Holst: The Planets, Op. 32 & Vaughan Williams: Fantasies                                        |                     0.99 |
| Pavarotti's Opera Made Easy                                                                     |                     0.99 |
| Great Performances - Barber's Adagio and Other Romantic Favorites for Strings                   |                     0.99 |
| Carmina Burana                                                                                  |                     0.99 |
| A Copland Celebration, Vol. I                                                                   |                     0.99 |
| Bach: Toccata & Fugue in D Minor                                                                |                     0.99 |
| Prokofiev: Symphony No.1                                                                        |                     0.99 |
| Scheherazade                                                                                    |                     0.99 |
| Bach: The Brandenburg Concertos                                                                 |                     0.99 |
| Chopin: Piano Concertos Nos. 1 & 2                                                              |                     0.99 |
| Mascagni: Cavalleria Rusticana                                                                  |                     0.99 |
| Sibelius: Finlandia                                                                             |                     0.99 |
| Beethoven Piano Sonatas: Moonlight & Pastorale                                                  |                     0.99 |
| Great Recordings of the Century - Mahler: Das Lied von der Erde                                 |                     0.99 |
| Elgar: Cello Concerto & Vaughan Williams: Fantasias                                             |                     0.99 |
| Adams, John: The Chairman Dances                                                                |                     0.99 |
| Tchaikovsky: 1812 Festival Overture, Op.49, Capriccio Italien & Beethoven: Wellington's Victory |                     0.99 |
| Palestrina: Missa Papae Marcelli & Allegri: Miserere                                            |                     0.99 |
| Prokofiev: Romeo & Juliet                                                                       |                     0.99 |
| Strauss: Waltzes                                                                                |                     0.99 |
| Berlioz: Symphonie Fantastique                                                                  |                     0.99 |
| Bizet: Carmen Highlights                                                                        |                     0.99 |
| English Renaissance                                                                             |                     1.98 |
| Handel: Music for the Royal Fireworks (Original Version 1749)                                   |                     0.99 |
| Grieg: Peer Gynt Suites & Sibelius: Pelléas et Mélisande                                        |                     0.99 |
| Mozart Gala: Famous Arias                                                                       |                     0.99 |
| SCRIABIN: Vers la flamme                                                                        |                     0.99 |
| Armada: Music from the Courts of England and Spain                                              |                     0.99 |
| Mozart: Symphonies Nos. 40 & 41                                                                 |                     0.99 |
| Back to Black                                                                                   |                    11.88 |
| Frank                                                                                           |                    10.89 |
| Carried to Dust (Bonus Track Version)                                                           |                     0.99 |
| Beethoven: Symphony No. 6 'Pastoral' Etc.                                                       |                     0.99 |
| Bartok: Violin & Viola Concertos                                                                |                     0.99 |
| Mendelssohn: A Midsummer Night's Dream                                                          |                     0.99 |
| Bach: Orchestral Suites Nos. 1 - 4                                                              |                     0.99 |
| Charpentier: Divertissements, Airs & Concerts                                                   |                     0.99 |
| South American Getaway                                                                          |                     0.99 |
| Górecki: Symphony No. 3                                                                         |                     0.99 |
| Purcell: The Fairy Queen                                                                        |                     0.99 |
| The Ultimate Relexation Album                                                                   |                     0.99 |
| Purcell: Music for the Queen Mary                                                               |                     0.99 |
| Weill: The Seven Deadly Sins                                                                    |                     0.99 |
| J.S. Bach: Chaconne, Suite in E Minor, Partita in E Major & Prelude, Fugue and Allegro          |                     0.99 |
| Prokofiev: Symphony No.5 & Stravinksy: Le Sacre Du Printemps                                    |                     0.99 |
| Szymanowski: Piano Works, Vol. 1                                                                |                     0.99 |
| Nielsen: The Six Symphonies                                                                     |                     0.99 |
| Great Recordings of the Century: Paganini's 24 Caprices                                         |                     0.99 |
| Liszt - 12 Études D'Execution Transcendante                                                     |                     0.99 |
| Great Recordings of the Century - Shubert: Schwanengesang, 4 Lieder                             |                     0.99 |
| Locatelli: Concertos for Violin, Strings and Continuo, Vol. 3                                   |                     0.99 |
| Respighi:Pines of Rome                                                                          |                     0.99 |
| Schubert: The Late String Quartets & String Quintet (3 CD's)                                    |                     0.99 |
| Monteverdi: L'Orfeo                                                                             |                     0.99 |
| Mozart: Chamber Music                                                                           |                     0.99 |
| Koyaanisqatsi (Soundtrack from the Motion Picture)                                              |                     0.99 |
+-------------------------------------------------------------------------------------------------+--------------------------+
347 rows in set (0.01 sec)

mysql> notee
